[1m[32m    Updating[0m crates.io index
[1m[32m     Locking[0m 409 packages to latest Rust 1.88 compatible versions
[1m[36m      Adding[0m ordered-float v5.4.0 (available: v5.5.0, requires Rust 1.90)
[1m[32m Downloading[0m crates ...
[1m[32m  Downloaded[0m arrayref v0.3.9
[1m[32m  Downloaded[0m time-core v0.1.9
[1m[32m  Downloaded[0m enumflags2_derive v0.7.12
[1m[32m  Downloaded[0m thread_local v1.1.10
[1m[32m  Downloaded[0m iced_debug v0.14.0
[1m[32m  Downloaded[0m dtor v0.8.1
[1m[32m  Downloaded[0m core_maths v0.1.1
[1m[32m  Downloaded[0m tracing-log v0.2.0
[1m[32m  Downloaded[0m version_check v0.9.5
[1m[32m  Downloaded[0m wayland-protocols-misc v0.3.12
[1m[32m  Downloaded[0m matchers v0.2.0
[1m[32m  Downloaded[0m zbus_names v4.3.4
[1m[32m  Downloaded[0m zvariant_derive v5.15.0
[1m[32m  Downloaded[0m linebender_resource_handle v0.1.1
[1m[32m  Downloaded[0m percent-encoding v2.3.2
[1m[32m  Downloaded[0m option-ext v0.2.0
[1m[32m  Downloaded[0m scopeguard v1.2.0
[1m[32m  Downloaded[0m smol_str v0.2.2
[1m[32m  Downloaded[0m serde_repr v0.1.21
[1m[32m  Downloaded[0m powerfmt v0.2.0
[1m[32m  Downloaded[0m rustc-hash v1.1.0
[1m[32m  Downloaded[0m rustc-hash v2.1.3
[1m[32m  Downloaded[0m parking_lot v0.12.5
[1m[32m  Downloaded[0m slotmap v1.1.1
[1m[32m  Downloaded[0m serde_derive v1.0.229
[1m[32m  Downloaded[0m serde v1.0.229
[1m[32m  Downloaded[0m smithay-client-toolkit v0.19.2
[1m[32m  Downloaded[0m serde_json v1.0.151
[1m[32m  Downloaded[0m serde_core v1.0.229
[1m[32m  Downloaded[0m wayland-backend v0.3.17
[1m[32m  Downloaded[0m proc-macro2 v1.0.107
[1m[32m  Downloaded[0m softbuffer v0.4.8
[1m[32m  Downloaded[0m indexmap v2.14.2
[1m[32m  Downloaded[0m skrifa v0.37.0
[1m[32m  Downloaded[0m memchr v2.8.3
[1m[32m  Downloaded[0m skrifa v0.44.0
[1m[32m  Downloaded[0m libm v0.2.16
[1m[32m  Downloaded[0m iced_widget v0.14.2
[1m[32m  Downloaded[0m winnow v1.0.4
[1m[32m  Downloaded[0m x11rb v0.13.2
[1m[32m  Downloaded[0m read-fonts v0.35.0
[1m[32m  Downloaded[0m iced_graphics v0.14.0
[1m[32m  Downloaded[0m rustix v0.38.44
[1m[32m  Downloaded[0m rustix v1.1.5
[1m[32m  Downloaded[0m syn v2.0.119
[1m[32m  Downloaded[0m syn v3.0.6
[1m[32m  Downloaded[0m wgpu-core v27.0.3
[1m[32m  Downloaded[0m unicode-width v0.2.2
[1m[32m  Downloaded[0m wgpu-hal v27.0.4
[1m[32m  Downloaded[0m regex-syntax v0.8.11
[1m[32m  Downloaded[0m ash v0.38.0+1.3.281
[1m[32m  Downloaded[0m swash v0.2.10
[1m[32m  Downloaded[0m zerocopy v0.8.57
[1m[32m  Downloaded[0m tracing v0.1.44
[1m[32m  Downloaded[0m time v0.3.55
[1m[32m  Downloaded[0m iced v0.14.0
[1m[32m  Downloaded[0m x11rb-protocol v0.13.2
[1m[32m  Downloaded[0m read-fonts v0.41.0
[1m[32m  Downloaded[0m tracing-subscriber v0.3.23
[1m[32m  Downloaded[0m winit v0.30.13
[1m[32m  Downloaded[0m glam v0.25.0
[1m[32m  Downloaded[0m wgpu v27.0.1
[1m[32m  Downloaded[0m ttf-parser v0.25.1
[1m[32m  Downloaded[0m tiny-skia v0.11.4
[1m[32m  Downloaded[0m regex-automata v0.4.18
[1m[32m  Downloaded[0m naga v27.0.3
[1m[32m  Downloaded[0m zbus v5.19.0
[1m[32m  Downloaded[0m wayland-protocols v0.32.13
[1m[32m  Downloaded[0m harfrust v0.3.2
[1m[32m  Downloaded[0m zvariant v5.15.0
[1m[32m  Downloaded[0m zerocopy-derive v0.8.57
[1m[32m  Downloaded[0m xkeysym v0.2.1
[1m[32m  Downloaded[0m wgpu-types v27.0.1
[1m[32m  Downloaded[0m unicode-segmentation v1.13.3
[1m[32m  Downloaded[0m cryoglyph v0.1.0
[1m[32m  Downloaded[0m libc v0.2.189
[1m[32m  Downloaded[0m tokio v1.53.1
[1m[32m  Downloaded[0m quick-xml v0.41.0
[1m[32m  Downloaded[0m wayland-protocols-plasma v0.3.12
[1m[32m  Downloaded[0m toml_edit v0.25.15+spec-1.1.0
[1m[32m  Downloaded[0m futures-util v0.3.34
[1m[32m  Downloaded[0m kurbo v0.10.4
[1m[32m  Downloaded[0m aho-corasick v1.1.5
[1m[32m  Downloaded[0m x11-dl v2.21.0
[1m[32m  Downloaded[0m static_assertions v1.1.0
[1m[32m  Downloaded[0m smithay-client-toolkit v0.20.0
[1m[32m  Downloaded[0m iced_winit v0.14.1
[1m[32m  Downloaded[0m iced_wgpu v0.14.0
[1m[32m  Downloaded[0m wayland-client v0.31.15
[1m[32m  Downloaded[0m uuid v1.26.1
[1m[32m  Downloaded[0m tracing-core v0.1.36
[1m[32m  Downloaded[0m num-traits v0.2.19
[1m[32m  Downloaded[0m mundy v0.2.3
[1m[32m  Downloaded[0m log v0.4.34
[1m[32m  Downloaded[0m khronos-egl v6.0.0
[1m[32m  Downloaded[0m hashbrown v0.17.1
[1m[32m  Downloaded[0m hashbrown v0.16.1
[1m[32m  Downloaded[0m glow v0.16.0
[1m[32m  Downloaded[0m polling v3.11.0
[1m[32m  Downloaded[0m hashbrown v0.15.5
[1m[32m  Downloaded[0m roxmltree v0.20.0
[1m[32m  Downloaded[0m toml_parser v1.1.3+spec-1.1.0
[1m[32m  Downloaded[0m iced_core v0.14.0
[1m[32m  Downloaded[0m fontdb v0.23.0
[1m[32m  Downloaded[0m euclid v0.22.14
[1m[32m  Downloaded[0m crossbeam-channel v0.5.17
[1m[32m  Downloaded[0m cc v1.4.7
[1m[32m  Downloaded[0m spirv v0.3.0+sdk-1.3.268.0
[1m[32m  Downloaded[0m self_cell v1.3.0
[1m[32m  Downloaded[0m litrs v1.0.0
[1m[32m  Downloaded[0m lilt v0.8.2
[1m[32m  Downloaded[0m calloop v0.14.4
[1m[32m  Downloaded[0m sharded-slab v0.1.7
[1m[32m  Downloaded[0m ordered-stream v0.2.0
[1m[32m  Downloaded[0m rangemap v1.8.0
[1m[32m  Downloaded[0m zbus_macros v5.19.0
[1m[32m  Downloaded[0m wayland-protocols-experimental v20250721.0.1
[1m[32m  Downloaded[0m getrandom v0.4.3
[1m[32m  Downloaded[0m profiling v1.0.18
[1m[32m  Downloaded[0m pkg-config v0.3.34
[1m[32m  Downloaded[0m piper v0.2.5
[1m[32m  Downloaded[0m parking v2.2.1
[1m[32m  Downloaded[0m tempfile v3.27.0
[1m[32m  Downloaded[0m smallvec v1.16.1
[1m[32m  Downloaded[0m sctk-adwaita v0.10.1
[1m[32m  Downloaded[0m slab v0.4.12
[1m[32m  Downloaded[0m zeno v0.3.3
[1m[32m  Downloaded[0m unicode-bidi v0.3.18
[1m[32m  Downloaded[0m tinyvec v1.13.3
[1m[32m  Downloaded[0m bytes v1.12.1
[1m[32m  Downloaded[0m renderdoc-sys v1.1.0
[1m[32m  Downloaded[0m proc-macro-crate v3.5.0
[1m[32m  Downloaded[0m shlex v2.0.1
[1m[32m  Downloaded[0m memmap2 v0.9.11
[1m[32m  Downloaded[0m yazi v0.2.1
[1m[32m  Downloaded[0m unicode-ident v1.0.26
[1m[32m  Downloaded[0m tracing-attributes v0.1.31
[1m[32m  Downloaded[0m getrandom v0.3.4
[1m[32m  Downloaded[0m codespan-reporting v0.12.0
[1m[32m  Downloaded[0m calloop v0.13.0
[1m[32m  Downloaded[0m sys-locale v0.3.2
[1m[32m  Downloaded[0m smithay-clipboard v0.7.3
[1m[32m  Downloaded[0m linux-raw-sys v0.4.15
[1m[32m  Downloaded[0m ordered-float v5.4.0
[1m[32m  Downloaded[0m thiserror v1.0.69
[1m[32m  Downloaded[0m iced_tiny_skia v0.14.1
[1m[32m  Downloaded[0m half v2.7.1
[1m[32m  Downloaded[0m futures v0.3.34
[1m[32m  Downloaded[0m font-types v0.12.5
[1m[32m  Downloaded[0m bitflags v2.13.2
[1m[32m  Downloaded[0m async-lock v3.4.2
[1m[32m  Downloaded[0m async-io v2.6.0
[1m[32m  Downloaded[0m symlink v0.1.0
[1m[32m  Downloaded[0m svg_fmt v0.4.5
[1m[32m  Downloaded[0m parking_lot_core v0.9.12
[1m[32m  Downloaded[0m once_cell v1.21.4
[1m[32m  Downloaded[0m libloading v0.8.9
[1m[32m  Downloaded[0m iced_runtime v0.14.0
[1m[32m  Downloaded[0m window_clipboard v0.5.1
[1m[32m  Downloaded[0m futures-channel v0.3.34
[1m[32m  Downloaded[0m fontconfig-parser v0.5.8
[1m[32m  Downloaded[0m find-msvc-tools v0.1.13
[1m[32m  Downloaded[0m event-listener v5.4.2
[1m[32m  Downloaded[0m deranged v0.5.8
[1m[32m  Downloaded[0m ctor v0.10.1
[1m[32m  Downloaded[0m bytemuck_derive v1.12.1
[1m[32m  Downloaded[0m thiserror-impl v2.0.20
[1m[32m  Downloaded[0m thiserror-impl v1.0.69
[1m[32m  Downloaded[0m thiserror v2.0.20
[1m[32m  Downloaded[0m termcolor v1.4.1
[1m[32m  Downloaded[0m signal-hook-registry v1.4.8
[1m[32m  Downloaded[0m lru v0.16.4
[1m[32m  Downloaded[0m zvariant_utils v4.2.0
[1m[32m  Downloaded[0m zmij v1.0.23
[1m[32m  Downloaded[0m web-time v1.1.0
[1m[32m  Downloaded[0m wayland-scanner v0.31.11
[1m[32m  Downloaded[0m time-macros v0.2.32
[1m[32m  Downloaded[0m futures-lite v2.6.1
[1m[32m  Downloaded[0m crossbeam-utils v0.8.23
[1m[32m  Downloaded[0m bytemuck v1.25.2
[1m[32m  Downloaded[0m async-task v4.7.1
[1m[32m  Downloaded[0m async-process v2.5.0
[1m[32m  Downloaded[0m arrayvec v0.7.8
[1m[32m  Downloaded[0m cosmic-text v0.15.0
[1m[32m  Downloaded[0m scoped-tls v1.0.1
[1m[32m  Downloaded[0m owned_ttf_parser v0.25.1
[1m[32m  Downloaded[0m strict-num v0.1.1
[1m[32m  Downloaded[0m raw-window-handle v0.6.2
[1m[32m  Downloaded[0m quote v1.0.47
[1m[32m  Downloaded[0m pin-project-lite v0.2.17
[1m[32m  Downloaded[0m lock_api v0.4.14
[1m[32m  Downloaded[0m linux-raw-sys v0.12.1
[1m[32m  Downloaded[0m jobserver v0.1.35
[1m[32m  Downloaded[0m wayland-protocols-wlr v0.3.12
[1m[32m  Downloaded[0m tracing-appender v0.2.5
[1m[32m  Downloaded[0m toml_datetime v1.1.1+spec-1.1.0
[1m[32m  Downloaded[0m tiny-skia-path v0.11.4
[1m[32m  Downloaded[0m guillotiere v0.6.2
[1m[32m  Downloaded[0m gpu-alloc v0.6.2
[1m[32m  Downloaded[0m futures-executor v0.3.34
[1m[32m  Downloaded[0m font-types v0.10.1
[1m[32m  Downloaded[0m foldhash v0.2.0
[1m[32m  Downloaded[0m fastrand v2.5.0
[1m[32m  Downloaded[0m enumflags2 v0.7.12
[1m[32m  Downloaded[0m directories v6.0.0
[1m[32m  Downloaded[0m concurrent-queue v2.5.0
[1m[32m  Downloaded[0m nu-ansi-term v0.50.3
[1m[32m  Downloaded[0m lazy_static v1.5.0
[1m[32m  Downloaded[0m iced_renderer v0.14.0
[1m[32m  Downloaded[0m iced_program v0.14.0
[1m[32m  Downloaded[0m iced_futures v0.14.0
[1m[32m  Downloaded[0m tiny-xlib v0.2.5
[1m[32m  Downloaded[0m foldhash v0.1.5
[1m[32m  Downloaded[0m event-listener-strategy v0.5.4
[1m[32m  Downloaded[0m etagere v0.2.15
[1m[32m  Downloaded[0m blocking v1.7.0
[1m[32m  Downloaded[0m autocfg v1.5.1
[1m[32m  Downloaded[0m async-trait v0.1.92
[1m[32m  Downloaded[0m async-signal v0.2.14
[1m[32m  Downloaded[0m async-channel v2.5.0
[1m[32m  Downloaded[0m async-broadcast v0.7.2
[1m[32m  Downloaded[0m ahash v0.8.12
[1m[32m  Downloaded[0m ab_glyph v0.2.32
[1m[32m  Downloaded[0m num-conv v0.2.2
[1m[32m  Downloaded[0m itoa v1.0.18
[1m[32m  Downloaded[0m zcheapstr v1.1.0
[1m[32m  Downloaded[0m wayland-csd-frame v0.3.0
[1m[32m  Downloaded[0m hexf-parse v0.2.1
[1m[32m  Downloaded[0m futures-macro v0.3.34
[1m[32m  Downloaded[0m futures-core v0.3.34
[1m[32m  Downloaded[0m document-features v0.2.12
[1m[32m  Downloaded[0m cfg_aliases v0.2.2
[1m[32m  Downloaded[0m gpu-descriptor-types v0.2.0
[1m[32m  Downloaded[0m gpu-alloc-types v0.3.1
[1m[32m  Downloaded[0m futures-sink v0.3.34
[1m[32m  Downloaded[0m equivalent v1.0.2
[1m[32m  Downloaded[0m endi v1.1.1
[1m[32m  Downloaded[0m dpi v0.1.2
[1m[32m  Downloaded[0m dlib v0.5.3
[1m[32m  Downloaded[0m clipboard_x11 v0.4.3
[1m[32m  Downloaded[0m calloop-wayland-source v0.3.0
[1m[32m  Downloaded[0m xkbcommon-dl v0.4.2
[1m[32m  Downloaded[0m xcursor v0.3.11
[1m[32m  Downloaded[0m wgpu-core-deps-windows-linux-android v27.0.0
[1m[32m  Downloaded[0m wayland-sys v0.31.11
[1m[32m  Downloaded[0m wayland-cursor v0.31.14
[1m[32m  Downloaded[0m unicode-script v0.5.8
[1m[32m  Downloaded[0m gethostname v1.1.0
[1m[32m  Downloaded[0m futures-io v0.3.34
[1m[32m  Downloaded[0m clipboard_wayland v0.2.2
[1m[32m  Downloaded[0m hex v0.4.3
[1m[32m  Downloaded[0m gpu-descriptor v0.3.2
[1m[32m  Downloaded[0m errno v0.3.14
[1m[32m  Downloaded[0m unicode-linebreak v0.1.5
[1m[32m  Downloaded[0m futures-task v0.3.34
[1m[32m  Downloaded[0m dirs-sys v0.5.0
[1m[32m  Downloaded[0m bit-vec v0.8.0
[1m[32m  Downloaded[0m atomic-waker v1.1.2
[1m[32m  Downloaded[0m async-executor v1.14.0
[1m[32m  Downloaded[0m as-raw-xcb-connection v1.0.1
[1m[32m  Downloaded[0m cfg-if v1.0.5
[1m[32m  Downloaded[0m bit-set v0.8.0
[1m[32m  Downloaded[0m async-recursion v1.1.1
[1m[32m  Downloaded[0m calloop-wayland-source v0.4.1
[1m[32m  Downloaded[0m android-build v0.1.4
[1m[32m  Downloaded[0m ab_glyph_rasterizer v0.1.10
[1m[32m  Downloaded[0m downcast-rs v1.2.1
[1m[32m  Downloaded[0m cursor-icon v1.2.0
[1m[32m   Compiling[0m proc-macro2 v1.0.107
[1m[32m   Compiling[0m quote v1.0.47
[1m[32m   Compiling[0m unicode-ident v1.0.26
[1m[32m    Checking[0m cfg-if v1.0.5
[1m[32m    Checking[0m bitflags v2.13.2
[1m[32m    Checking[0m once_cell v1.21.4
[1m[32m    Checking[0m log v0.4.34
[1m[32m   Compiling[0m libc v0.2.189
[1m[32m    Checking[0m pin-project-lite v0.2.17
[1m[32m    Checking[0m smallvec v1.16.1
[1m[32m    Checking[0m libloading v0.8.9
[1m[32m   Compiling[0m rustix v1.1.5
[1m[32m   Compiling[0m libm v0.2.16
[1m[32m    Checking[0m linux-raw-sys v0.12.1
[1m[32m   Compiling[0m syn v3.0.6
[1m[32m   Compiling[0m syn v2.0.119
[1m[32m   Compiling[0m pkg-config v0.3.34
[1m[32m   Compiling[0m autocfg v1.5.1
[1m[32m    Checking[0m slab v0.4.12
[1m[32m   Compiling[0m thiserror v2.0.20
[1m[32m   Compiling[0m find-msvc-tools v0.1.13
[1m[32m   Compiling[0m shlex v2.0.1
[1m[32m   Compiling[0m cc v1.4.7
[1m[32m   Compiling[0m wayland-sys v0.31.11
[1m[32m    Checking[0m dlib v0.5.3
[1m[32m    Checking[0m futures-core v0.3.34
[1m[32m   Compiling[0m wayland-backend v0.3.17
[1m[32m   Compiling[0m num-traits v0.2.19
[1m[32m   Compiling[0m memchr v2.8.3
[1m[32m    Checking[0m downcast-rs v1.2.1
[1m[32m    Checking[0m scoped-tls v1.0.1
[1m[32m   Compiling[0m quick-xml v0.41.0
[1m[32m   Compiling[0m bytemuck_derive v1.12.1
[1m[32m   Compiling[0m thiserror-impl v2.0.20
[1m[32m   Compiling[0m wayland-client v0.31.15
[1m[32m    Checking[0m futures-io v0.3.34
[1m[32m   Compiling[0m wayland-scanner v0.31.11
[1m[32m   Compiling[0m cfg_aliases v0.2.2
[1m[32m    Checking[0m tracing-core v0.1.36
[1m[32m   Compiling[0m tracing-attributes v0.1.31
[1m[32m    Checking[0m bytemuck v1.25.2
[1m[32m    Checking[0m memmap2 v0.9.11
[1m[32m    Checking[0m core_maths v0.1.1
[1m[32m   Compiling[0m serde v1.0.229
[1m[32m   Compiling[0m zerocopy v0.8.57
[1m[32m   Compiling[0m serde_derive v1.0.229
[1m[32m   Compiling[0m zerocopy-derive v0.8.57
[1m[32m    Checking[0m tracing v0.1.44
[1m[32m    Checking[0m polling v3.11.0
[1m[32m   Compiling[0m version_check v0.9.5
[1m[32m    Checking[0m raw-window-handle v0.6.2
[1m[32m   Compiling[0m serde_core v1.0.229
[1m[32m    Checking[0m arrayvec v0.7.8
[1m[32m    Checking[0m futures-sink v0.3.34
[1m[32m    Checking[0m fastrand v2.5.0
[1m[32m    Checking[0m futures-channel v0.3.34
[1m[32m    Checking[0m ttf-parser v0.25.1
[1m[32m    Checking[0m parking v2.2.1
[1m[32m    Checking[0m smol_str v0.2.2
[1m[32m   Compiling[0m crossbeam-utils v0.8.23
[1m[32m    Checking[0m rustc-hash v1.1.0
[1m[32m   Compiling[0m futures-macro v0.3.34
[1m[32m    Checking[0m futures-task v0.3.34
[1m[32m   Compiling[0m winnow v1.0.4
[1m[32m    Checking[0m futures-util v0.3.34
[1m[32m    Checking[0m wayland-protocols v0.32.13
[1m[32m    Checking[0m half v2.7.1
[1m[32m   Compiling[0m slotmap v1.1.1
[1m[32m    Checking[0m font-types v0.10.1
[1m[32m    Checking[0m font-types v0.12.5
[1m[32m    Checking[0m rustc-hash v2.1.3
[1m[32m   Compiling[0m equivalent v1.0.2
[1m[32m    Checking[0m web-time v1.1.0
[1m[32m   Compiling[0m hashbrown v0.17.1
[1m[32m    Checking[0m read-fonts v0.41.0
[1m[32m    Checking[0m futures-executor v0.3.34
[1m[32m    Checking[0m lilt v0.8.2
[1m[32m    Checking[0m read-fonts v0.35.0
[1m[32m   Compiling[0m indexmap v2.14.2
[1m[32m   Compiling[0m toml_parser v1.1.3+spec-1.1.0
[1m[32m    Checking[0m glam v0.25.0
[1m[32m    Checking[0m roxmltree v0.20.0
[1m[32m   Compiling[0m toml_datetime v1.1.1+spec-1.1.0
[1m[32m   Compiling[0m parking_lot_core v0.9.12
[1m[32m    Checking[0m bytes v1.12.1
[1m[32m   Compiling[0m toml_edit v0.25.15+spec-1.1.0
[1m[32m    Checking[0m iced_core v0.14.0
[1m[32m    Checking[0m fontconfig-parser v0.5.8
[1m[32m    Checking[0m futures v0.3.34
[1m[32m   Compiling[0m naga v27.0.3
[1m[32m    Checking[0m skrifa v0.44.0
[1m[32m   Compiling[0m enumflags2_derive v0.7.12
[1m[32m    Checking[0m tokio v1.53.1
[1m[32m    Checking[0m zeno v0.3.3
[1m[32m    Checking[0m unicode-width v0.2.2
[1m[32m    Checking[0m yazi v0.2.1
[1m[32m    Checking[0m scopeguard v1.2.0
[1m[32m    Checking[0m bit-vec v0.8.0
[1m[32m    Checking[0m as-raw-xcb-connection v1.0.1
[1m[32m   Compiling[0m ash v0.38.0+1.3.281
[1m[32m    Checking[0m foldhash v0.2.0
[1m[32m    Checking[0m foldhash v0.1.5
[1m[32m    Checking[0m tinyvec v1.13.3
[1m[32m   Compiling[0m khronos-egl v6.0.0
[1m[32m    Checking[0m iced_futures v0.14.0
[1m[32m    Checking[0m fontdb v0.23.0
[1m[32m    Checking[0m hashbrown v0.15.5
[1m[32m    Checking[0m hashbrown v0.16.1
[1m[32m    Checking[0m swash v0.2.10
[1m[32m    Checking[0m bit-set v0.8.0
[1m[32m    Checking[0m lock_api v0.4.14
[1m[32m    Checking[0m codespan-reporting v0.12.0
[1m[32m    Checking[0m skrifa v0.37.0
[1m[32m    Checking[0m harfrust v0.3.2
[1m[32m   Compiling[0m proc-macro-crate v3.5.0
[1m[32m   Compiling[0m zvariant_utils v4.2.0
[1m[32m    Checking[0m concurrent-queue v2.5.0
[1m[32m    Checking[0m event-listener v5.4.2
[1m[32m   Compiling[0m wgpu-hal v27.0.4
[1m[32m    Checking[0m gethostname v1.1.0
[1m[32m    Checking[0m gpu-descriptor-types v0.2.0
[1m[32m    Checking[0m gpu-alloc-types v0.3.1
[1m[32m    Checking[0m spirv v0.3.0+sdk-1.3.268.0
[1m[32m    Checking[0m unicode-segmentation v1.13.3
[1m[32m    Checking[0m xkeysym v0.2.1
[1m[32m    Checking[0m unicode-linebreak v0.1.5
[1m[32m    Checking[0m sys-locale v0.3.2
[1m[32m    Checking[0m unicode-script v0.5.8
[1m[32m    Checking[0m xcursor v0.3.11
[1m[32m    Checking[0m hexf-parse v0.2.1
[1m[32m    Checking[0m cursor-icon v1.2.0
[1m[32m    Checking[0m linebender_resource_handle v0.1.1
[1m[32m    Checking[0m self_cell v1.3.0
[1m[32m    Checking[0m rangemap v1.8.0
[1m[32m    Checking[0m unicode-bidi v0.3.18
[1m[32m    Checking[0m x11rb-protocol v0.13.2
[1m[32m    Checking[0m wayland-csd-frame v0.3.0
[1m[32m    Checking[0m cosmic-text v0.15.0
[1m[32m    Checking[0m wayland-cursor v0.31.14
[1m[32m    Checking[0m gpu-alloc v0.6.2
[1m[32m    Checking[0m gpu-descriptor v0.3.2
[1m[32m    Checking[0m event-listener-strategy v0.5.4
[1m[32m   Compiling[0m zvariant_derive v5.15.0
[1m[32m    Checking[0m parking_lot v0.12.5
[1m[32m    Checking[0m wayland-protocols-wlr v0.3.12
[1m[32m    Checking[0m futures-lite v2.6.1
[1m[32m    Checking[0m wgpu-types v27.0.1
[1m[32m    Checking[0m ordered-float v5.4.0
[1m[32m    Checking[0m profiling v1.0.18
[1m[32m   Compiling[0m thiserror v1.0.69
[1m[32m    Checking[0m glow v0.16.0
[1m[32m    Checking[0m strict-num v0.1.1
[1m[32m    Checking[0m arrayref v0.3.9
[1m[32m    Checking[0m renderdoc-sys v1.1.0
[1m[32m   Compiling[0m rustix v0.38.44
[1m[32m    Checking[0m tiny-skia-path v0.11.4
[1m[32m   Compiling[0m wgpu-core v27.0.3
[1m[32m   Compiling[0m thiserror-impl v1.0.69
[1m[32m   Compiling[0m async-io v2.6.0
[1m[32m   Compiling[0m litrs v1.0.0
[1m[32m    Checking[0m linux-raw-sys v0.4.15
[1m[32m    Checking[0m x11rb v0.13.2
[1m[32m   Compiling[0m getrandom v0.4.3
[1m[32m   Compiling[0m document-features v0.2.12
[1m[32m    Checking[0m tiny-skia v0.11.4
[1m[32m    Checking[0m iced_graphics v0.14.0
[1m[32m   Compiling[0m enumflags2 v0.7.12
[1m[32m   Compiling[0m zcheapstr v1.1.0
[1m[32m    Checking[0m calloop v0.14.4
[1m[32m   Compiling[0m wgpu v27.0.1
[1m[32m    Checking[0m euclid v0.22.14
[1m[32m   Compiling[0m tiny-xlib v0.2.5
[1m[32m    Checking[0m errno v0.3.14
[1m[32m    Checking[0m async-task v4.7.1
[1m[32m    Checking[0m svg_fmt v0.4.5
[1m[32m   Compiling[0m endi v1.1.1
[1m[32m   Compiling[0m smithay-client-toolkit v0.20.0
[1m[32m   Compiling[0m zvariant v5.15.0
[1m[32m    Checking[0m signal-hook-registry v1.4.8
[1m[32m    Checking[0m calloop v0.13.0
[1m[32m    Checking[0m calloop-wayland-source v0.4.1
[1m[32m    Checking[0m wgpu-core-deps-windows-linux-android v27.0.0
[1m[32m    Checking[0m async-channel v2.5.0
[1m[32m    Checking[0m iced_debug v0.14.0
[1m[32m    Checking[0m wayland-protocols-misc v0.3.12
[1m[32m    Checking[0m wayland-protocols-experimental v20250721.0.1
[1m[32m    Checking[0m atomic-waker v1.1.2
[1m[32m   Compiling[0m smithay-client-toolkit v0.19.2
[1m[32m    Checking[0m ctor v0.10.1
[1m[32m   Compiling[0m getrandom v0.3.4
[1m[32m    Checking[0m static_assertions v1.1.0
[1m[32m   Compiling[0m zbus_names v4.3.4
[1m[32m    Checking[0m piper v0.2.5
[1m[32m    Checking[0m async-signal v0.2.14
[1m[32m    Checking[0m calloop-wayland-source v0.3.0
[1m[32m    Checking[0m etagere v0.2.15
[1m[32m    Checking[0m async-lock v3.4.2
[1m[32m    Checking[0m owned_ttf_parser v0.25.1
[1m[32m   Compiling[0m ahash v0.8.12
[1m[32m   Compiling[0m x11-dl v2.21.0
[1m[32m    Checking[0m lru v0.16.4
[1m[32m    Checking[0m ab_glyph_rasterizer v0.1.10
[1m[32m   Compiling[0m android-build v0.1.4
[1m[32m    Checking[0m ab_glyph v0.2.32
[1m[32m    Checking[0m async-process v2.5.0
[1m[32m   Compiling[0m mundy v0.2.3
[1m[32m    Checking[0m smithay-clipboard v0.7.3
[1m[32m    Checking[0m blocking v1.7.0
[1m[32m   Compiling[0m zbus_macros v5.19.0
[1m[32m    Checking[0m softbuffer v0.4.8
[1m[32m    Checking[0m uuid v1.26.1
[1m[32m    Checking[0m guillotiere v0.6.2
[1m[32m    Checking[0m async-executor v1.14.0
[1m[32m    Checking[0m async-broadcast v0.7.2
[1m[32m    Checking[0m kurbo v0.10.4
[1m[32m   Compiling[0m winit v0.30.13
[1m[32m   Compiling[0m async-trait v0.1.92
[1m[32m   Compiling[0m serde_repr v0.1.21
[1m[32m    Checking[0m cryoglyph v0.1.0
[1m[32m   Compiling[0m async-recursion v1.1.1
[1m[32m    Checking[0m ordered-stream v0.2.0
[1m[32m    Checking[0m hex v0.4.3
[1m[32m    Checking[0m regex-syntax v0.8.11
[1m[32m    Checking[0m iced_wgpu v0.14.0
[1m[32m    Checking[0m iced_tiny_skia v0.14.1
[1m[32m    Checking[0m sctk-adwaita v0.10.1
[1m[32m    Checking[0m zbus v5.19.0
[1m[32m    Checking[0m clipboard_wayland v0.2.2
[1m[32m    Checking[0m clipboard_x11 v0.4.3
[1m[32m    Checking[0m regex-automata v0.4.18
[1m[32m    Checking[0m xkbcommon-dl v0.4.2
[1m[32m    Checking[0m iced_runtime v0.14.0
[1m[32m    Checking[0m wayland-protocols-plasma v0.3.12
[1m[32m    Checking[0m lazy_static v1.5.0
[1m[32m   Compiling[0m zmij v1.0.23
[1m[32m    Checking[0m dpi v0.1.2
[1m[32m    Checking[0m percent-encoding v2.3.2
[1m[32m    Checking[0m sharded-slab v0.1.7
[1m[32m    Checking[0m matchers v0.2.0
[1m[32m    Checking[0m iced_program v0.14.0
[1m[32m    Checking[0m window_clipboard v0.5.1
[1m[32m    Checking[0m iced_renderer v0.14.0
[1m[32m    Checking[0m deranged v0.5.8
[1m[32m    Checking[0m tracing-log v0.2.0
[1m[32m    Checking[0m thread_local v1.1.10
[1m[32m    Checking[0m num-conv v0.2.2
[1m[32m    Checking[0m time-core v0.1.9
[1m[32m    Checking[0m nu-ansi-term v0.50.3
[1m[32m    Checking[0m option-ext v0.2.0
[1m[32m   Compiling[0m serde_json v1.0.151
[1m[32m    Checking[0m powerfmt v0.2.0
[1m[32m    Checking[0m dirs-sys v0.5.0
[1m[32m    Checking[0m tracing-subscriber v0.3.23
[1m[32m    Checking[0m time v0.3.55
[1m[32m    Checking[0m iced_widget v0.14.2
[1m[32m    Checking[0m crossbeam-channel v0.5.17
[1m[32m    Checking[0m symlink v0.1.0
[1m[32m    Checking[0m itoa v1.0.18
[1m[32m    Checking[0m iced_winit v0.14.1
[1m[32m    Checking[0m directories v6.0.0
[1m[32m    Checking[0m tracing-appender v0.2.5
[1m[32m    Checking[0m tempfile v3.27.0
[1m[32m    Checking[0m iced v0.14.0
[1m[32m    Checking[0m andromeda-client v0.1.0 (/home/runner/work/Andromeda-Client/Andromeda-Client)
[0m[1m[38;5;9merror[E0525][0m[0m[1m: expected a closure that implements the `Fn` trait, but this closure only implements `FnOnce`[0m
[0m  [0m[0m[1m[38;5;12m--> [0m[0msrc/ui/mod.rs:43:23[0m
[0m   [0m[0m[1m[38;5;12m|[0m
[0m[1m[38;5;12m43[0m[0m [0m[0m[1m[38;5;12m|[0m[0m [0m[0m    iced::application(move || app, Launcher::update, Launcher::view)[0m
[0m   [0m[0m[1m[38;5;12m|[0m[0m     [0m[0m[1m[38;5;12m-----------------[0m[0m [0m[0m[1m[38;5;9m^^^^^^^[0m[0m[1m[38;5;12m----[0m
[0m   [0m[0m[1m[38;5;12m|[0m[0m     [0m[0m[1m[38;5;12m|[0m[0m                 [0m[0m[1m[38;5;12m|[0m[0m       [0m[0m[1m[38;5;12m|[0m
[0m   [0m[0m[1m[38;5;12m|[0m[0m     [0m[0m[1m[38;5;12m|[0m[0m                 [0m[0m[1m[38;5;12m|[0m[0m       [0m[0m[1m[38;5;12mclosure is `FnOnce` because it moves the variable `app` out of its environment[0m
[0m   [0m[0m[1m[38;5;12m|[0m[0m     [0m[0m[1m[38;5;12m|[0m[0m                 [0m[0m[1m[38;5;9mthis closure implements `FnOnce`, not `Fn`[0m
[0m   [0m[0m[1m[38;5;12m|[0m[0m     [0m[0m[1m[38;5;12m|[0m[0m                 [0m[0m[1m[38;5;12mthe requirement to implement `Fn` derives from here[0m
[0m   [0m[0m[1m[38;5;12m|[0m[0m     [0m[0m[1m[38;5;12mrequired by a bound introduced by this call[0m
[0m   [0m[0m[1m[38;5;12m|[0m
[0m   [0m[0m[1m[38;5;12m= [0m[0m[1mnote[0m[0m: required for `{closure@src/ui/mod.rs:43:23: 43:30}` to implement `iced::application::BootFn<ui::Launcher, ui::Message>`[0m
[0m[1m[38;5;10mnote[0m[0m: required by a bound in `iced::application`[0m
[0m  [0m[0m[1m[38;5;12m--> [0m[0m/home/runner/.cargo/registry/src/index.crates.io-1949cf8c6b5b557f/iced-0.14.0/src/application.rs:80:16[0m
[0m   [0m[0m[1m[38;5;12m|[0m
[0m[1m[38;5;12m79[0m[0m [0m[0m[1m[38;5;12m|[0m[0m [0m[0mpub fn application<State, Message, Theme, Renderer>([0m
[0m   [0m[0m[1m[38;5;12m|[0m[0m        [0m[0m[1m[38;5;12m-----------[0m[0m [0m[0m[1m[38;5;12mrequired by a bound in this function[0m
[0m[1m[38;5;12m80[0m[0m [0m[0m[1m[38;5;12m|[0m[0m [0m[0m    boot: impl BootFn<State, Message>,[0m
[0m   [0m[0m[1m[38;5;12m|[0m[0m                [0m[0m[1m[38;5;10m^^^^^^^^^^^^^^^^^^^^^^[0m[0m [0m[0m[1m[38;5;10mrequired by this bound in `application`[0m

[0m[1mFor more information about this error, try `rustc --explain E0525`.[0m
[1m[31merror[0m[1m:[0m could not compile `andromeda-client` (lib test) due to 1 previous error
[1m[33mwarning[0m[1m:[0m build failed, waiting for other jobs to finish...
[1m[31merror[0m[1m:[0m could not compile `andromeda-client` (lib) due to 1 previous error
